Circuit: * C:\Users\begow\Desktop\all\repos\MPEI\MPEI_Magistracy\Term_three\memory_system\variant_1\KM3\Decoder.asc

WARNING: Node N004 is floating.
WARNING: Node N008 is floating.
WARNING: Node N005 is floating.
WARNING: Node N009 is floating.
WARNING: Node N002 is floating.
WARNING: Node N007 is floating.
WARNING: Node N003 is floating.

WARNING: Less than two connections to node N004.  This node is used by M13.
WARNING: Less than two connections to node N008.  This node is used by M15.
WARNING: Less than two connections to node N005.  This node is used by M16.
WARNING: Less than two connections to node N009.  This node is used by M17.
WARNING: Less than two connections to node N002.  This node is used by M14.
WARNING: Less than two connections to node N007.  This node is used by M18.
WARNING: Less than two connections to node N003.  This node is used by M19.
Warning: toxe, toxp and dtox all given and toxe != toxp + dtox; dtox ignored.
Direct Newton iteration for .op point succeeded.

Date: Thu Nov 07 02:56:51 2024
Total elapsed time: 0.121 seconds.

tnom = 27
temp = 27
method = modified trap
totiter = 1197
traniter = 1170
tranpoints = 551
accept = 516
rejected = 35
matrix size = 63
fillins = 36
solver = Normal
Matrix Compiler1: 9.22 KB object code size  1.4/0.6/[0.6]
Matrix Compiler2: 7.80 KB object code size  0.5/0.6/[0.4]

