Circuit: * C:\Users\begow\Desktop\memory_system\invertor_pulse.asc

Warning: toxe, toxp and dtox all given and toxe != toxp + dtox; dtox ignored.
Warning: toxe, toxp and dtox all given and toxe != toxp + dtox; dtox ignored.
Warning: toxe, toxp and dtox all given and toxe != toxp + dtox; dtox ignored.
Warning: toxe, toxp and dtox all given and toxe != toxp + dtox; dtox ignored.
Warning: toxe, toxp and dtox all given and toxe != toxp + dtox; dtox ignored.
Warning: toxe, toxp and dtox all given and toxe != toxp + dtox; dtox ignored.
Warning: toxe, toxp and dtox all given and toxe != toxp + dtox; dtox ignored.
Warning: toxe, toxp and dtox all given and toxe != toxp + dtox; dtox ignored.
Warning: toxe, toxp and dtox all given and toxe != toxp + dtox; dtox ignored.
Warning: toxe, toxp and dtox all given and toxe != toxp + dtox; dtox ignored.
Warning: toxe, toxp and dtox all given and toxe != toxp + dtox; dtox ignored.
Direct Newton iteration for .op point succeeded.
Ignoring empty pin current: Ix(x1:gnd)
Ignoring empty pin current: Ix(x2:gnd)
Ignoring empty pin current: Ix(x3:gnd)
Ignoring empty pin current: Ix(x4:gnd)
Ignoring empty pin current: Ix(x5:gnd)
Ignoring empty pin current: Ix(x6:gnd)
Ignoring empty pin current: Ix(x7:gnd)
Ignoring empty pin current: Ix(x8:gnd)
Ignoring empty pin current: Ix(x9:gnd)
Ignoring empty pin current: Ix(x10:gnd)
Ignoring empty pin current: Ix(x1:gnd)
Ignoring empty pin current: Ix(x2:gnd)
Ignoring empty pin current: Ix(x3:gnd)
Ignoring empty pin current: Ix(x4:gnd)
Ignoring empty pin current: Ix(x5:gnd)
Ignoring empty pin current: Ix(x6:gnd)
Ignoring empty pin current: Ix(x7:gnd)
Ignoring empty pin current: Ix(x8:gnd)
Ignoring empty pin current: Ix(x9:gnd)
Ignoring empty pin current: Ix(x10:gnd)
.step r=1000
.step r=2000
.step r=3000
.step r=4000
.step r=5000
.step r=6000
.step r=7000
.step r=8000
.step r=9000
.step r=10000

Date: Thu Sep 26 11:44:45 2024
Total elapsed time: 2.090 seconds.

tnom = 27
temp = 27
method = modified trap
totiter = 1378
traniter = 1365
tranpoints = 594
accept = 468
rejected = 126
matrix size = 103
fillins = 0
solver = Normal
Matrix Compiler1: 13.24 KB object code size  4.7/1.9/[1.7]
Matrix Compiler2: 12.04 KB object code size  1.9/2.1/[1.4]

