Circuit: * C:\Users\begow\Desktop\memory_system\output_char.asc

Warning: toxe, toxp and dtox all given and toxe != toxp + dtox; dtox ignored.
.OP point found by inspection.
.step v2=0
.step v2=0.5
.step v2=1
.step v2=1.5
.step v2=2
.step v2=2.5
.step v2=3

Date: Wed Sep 25 01:39:27 2024
Total elapsed time: 0.507 seconds.

tnom = 27
temp = 27
method = trap
totiter = 3543
traniter = 0
tranpoints = 0
accept = 0
rejected = 0
matrix size = 9
fillins = 0
solver = Normal
Matrix Compiler1: 492 bytes object code size  0.2/0.1/[0.1]
Matrix Compiler2: off  [0.1]/0.2/0.2

