Circuit: * C:\Users\begow\Desktop\memory_system\pulse_char.asc

Warning: toxe, toxp and dtox all given and toxe != toxp + dtox; dtox ignored.
Direct Newton iteration for .op point succeeded.
.step r=10000
.step r=20000
.step r=30000
.step r=40000
.step r=50000
.step r=60000
.step r=70000
.step r=80000

Date: Wed Sep 25 23:37:02 2024
Total elapsed time: 2.546 seconds.

tnom = 27
temp = 27
method = modified trap
totiter = 20262
traniter = 20257
tranpoints = 10100
accept = 10085
rejected = 15
matrix size = 9
fillins = 0
solver = Normal
Matrix Compiler1:      28 opcodes  0.3/[0.2]/0.2
Matrix Compiler2: off  [0.2]/0.3/0.2

