Circuit: * C:\Users\begow\Desktop\all\repos\MPEI\MPEI_Magistracy\Term_three\memory_system\variant_6\KM3\compromis_row_amplifaer.asc

Unknown node in .ic card: "plus" -- ignoring
Unknown node in .ic card: "minus" -- ignoring
WARNING: Less than two connections to node IN_N.  This node is used by V2.
Direct Newton iteration for .op point succeeded.

Date: Thu Nov 14 04:05:46 2024
Total elapsed time: 0.181 seconds.

tnom = 27
temp = 27
method = modified trap
totiter = 930
traniter = 910
tranpoints = 316
accept = 297
rejected = 19
matrix size = 72
fillins = 0
solver = Normal
Matrix Compiler1: 8.88 KB object code size  1.4/0.6/[0.5]
Matrix Compiler2: 8.23 KB object code size  0.6/0.7/[0.4]

