Circuit: * C:\Users\begow\Desktop\all\repos\MPEI\MPEI_Magistracy\Term_3\memory_system\variant_1\KM4\Draft4.asc

WARNING: Node NC_01 is floating.
WARNING: Node X1:N001 is floating.
WARNING: Node NC_02 is floating.
WARNING: Node NC_03 is floating.

WARNING: Less than two connections to node NC_01.  This node is used by M:X1:1.
WARNING: Less than two connections to node NC_02.  This node is used by M:X2:1.
WARNING: Less than two connections to node NC_03.  This node is used by M:X4:1.
Warning: toxe, toxp and dtox all given and toxe != toxp + dtox; dtox ignored.
Warning: toxe, toxp and dtox all given and toxe != toxp + dtox; dtox ignored.
Warning: toxe, toxp and dtox all given and toxe != toxp + dtox; dtox ignored.
Warning: toxe, toxp and dtox all given and toxe != toxp + dtox; dtox ignored.
Warning: toxe, toxp and dtox all given and toxe != toxp + dtox; dtox ignored.
Warning: toxe, toxp and dtox all given and toxe != toxp + dtox; dtox ignored.
Warning: toxe, toxp and dtox all given and toxe != toxp + dtox; dtox ignored.
Warning: toxe, toxp and dtox all given and toxe != toxp + dtox; dtox ignored.
Warning: toxe, toxp and dtox all given and toxe != toxp + dtox; dtox ignored.
Direct Newton iteration for .op point succeeded.

Date: Wed Dec 11 08:40:56 2024
Total elapsed time: 0.743 seconds.

tnom = 27
temp = 27
method = modified trap
totiter = 5237
traniter = 5188
tranpoints = 2149
accept = 1982
rejected = 167
matrix size = 142
fillins = 14
solver = Normal
Thread vector: 95.2/52.8[2] 12.8/9.7[2] 3.8/4.9[1] 1.0/39.7[1]  2592/500
Matrix Compiler1: 19.97 KB object code size  9.2/3.9/[2.6]
Matrix Compiler2: 17.01 KB object code size  4.2/4.3/[1.7]

