Circuit: * C:\Users\begow\Desktop\all\repos\MPEI\MPEI_Magistracy\Term_3\memory_system\variant_1\KM4\Draft6.asc

WARNING: Node X2:NC_01 is floating.
WARNING: Node X2:NC_02 is floating.
WARNING: Node X2:NC_03 is floating.
WARNING: Node X2:NC_04 is floating.
WARNING: Node X2:NC_05 is floating.
WARNING: Node X2:NC_06 is floating.
WARNING: Node X2:NC_07 is floating.
WARNING: Node X2:NC_08 is floating.
WARNING: Node X2:NC_09 is floating.
WARNING: Node X2:NC_10 is floating.
WARNING: Node X2:NC_11 is floating.
WARNING: Node X2:NC_12 is floating.
WARNING: Node X2:NC_13 is floating.
WARNING: Node X2:NC_14 is floating.
WARNING: Node X2:NC_15 is floating.
WARNING: Node X2:NC_16 is floating.
WARNING: Node NC_01 is floating.

WARNING: Less than two connections to node IN.  This node is used by V3.
WARNING: Less than two connections to node X2:NC_01.  This node is used by M:X2:1.
WARNING: Less than two connections to node X2:NC_02.  This node is used by M:X2:2.
WARNING: Less than two connections to node X2:NC_03.  This node is used by M:X2:3.
WARNING: Less than two connections to node X2:NC_04.  This node is used by M:X2:4.
WARNING: Less than two connections to node X2:NC_05.  This node is used by M:X2:5.
WARNING: Less than two connections to node X2:NC_06.  This node is used by M:X2:6.
WARNING: Less than two connections to node X2:NC_07.  This node is used by M:X2:7.
WARNING: Less than two connections to node X2:NC_08.  This node is used by M:X2:8.
WARNING: Less than two connections to node X2:NC_09.  This node is used by M:X2:9.
WARNING: Less than two connections to node X2:NC_10.  This node is used by M:X2:10.
WARNING: Less than two connections to node X2:NC_11.  This node is used by M:X2:11.
WARNING: Less than two connections to node X2:NC_12.  This node is used by M:X2:12.
WARNING: Less than two connections to node X2:NC_13.  This node is used by M:X2:13.
WARNING: Less than two connections to node X2:NC_14.  This node is used by M:X2:14.
WARNING: Less than two connections to node X2:NC_15.  This node is used by M:X2:15.
WARNING: Less than two connections to node X2:NC_16.  This node is used by M:X2:16.
Warning: toxe, toxp and dtox all given and toxe != toxp + dtox; dtox ignored.
Warning: toxe, toxp and dtox all given and toxe != toxp + dtox; dtox ignored.
Warning: toxe, toxp and dtox all given and toxe != toxp + dtox; dtox ignored.
Warning: toxe, toxp and dtox all given and toxe != toxp + dtox; dtox ignored.
Warning: toxe, toxp and dtox all given and toxe != toxp + dtox; dtox ignored.
Warning: toxe, toxp and dtox all given and toxe != toxp + dtox; dtox ignored.
Warning: toxe, toxp and dtox all given and toxe != toxp + dtox; dtox ignored.
Warning: toxe, toxp and dtox all given and toxe != toxp + dtox; dtox ignored.
Warning: toxe, toxp and dtox all given and toxe != toxp + dtox; dtox ignored.
Warning: toxe, toxp and dtox all given and toxe != toxp + dtox; dtox ignored.
Warning: toxe, toxp and dtox all given and toxe != toxp + dtox; dtox ignored.
Warning: toxe, toxp and dtox all given and toxe != toxp + dtox; dtox ignored.
Warning: toxe, toxp and dtox all given and toxe != toxp + dtox; dtox ignored.
Warning: toxe, toxp and dtox all given and toxe != toxp + dtox; dtox ignored.
Warning: toxe, toxp and dtox all given and toxe != toxp + dtox; dtox ignored.
Warning: toxe, toxp and dtox all given and toxe != toxp + dtox; dtox ignored.
Warning: toxe, toxp and dtox all given and toxe != toxp + dtox; dtox ignored.
Warning: toxe, toxp and dtox all given and toxe != toxp + dtox; dtox ignored.
Warning: toxe, toxp and dtox all given and toxe != toxp + dtox; dtox ignored.
Warning: toxe, toxp and dtox all given and toxe != toxp + dtox; dtox ignored.
Warning: toxe, toxp and dtox all given and toxe != toxp + dtox; dtox ignored.
Warning: toxe, toxp and dtox all given and toxe != toxp + dtox; dtox ignored.
Warning: toxe, toxp and dtox all given and toxe != toxp + dtox; dtox ignored.
Warning: toxe, toxp and dtox all given and toxe != toxp + dtox; dtox ignored.
Warning: toxe, toxp and dtox all given and toxe != toxp + dtox; dtox ignored.
Warning: toxe, toxp and dtox all given and toxe != toxp + dtox; dtox ignored.
Warning: toxe, toxp and dtox all given and toxe != toxp + dtox; dtox ignored.
Warning: toxe, toxp and dtox all given and toxe != toxp + dtox; dtox ignored.
Warning: toxe, toxp and dtox all given and toxe != toxp + dtox; dtox ignored.
Warning: toxe, toxp and dtox all given and toxe != toxp + dtox; dtox ignored.
Warning: toxe, toxp and dtox all given and toxe != toxp + dtox; dtox ignored.
Warning: toxe, toxp and dtox all given and toxe != toxp + dtox; dtox ignored.
Direct Newton iteration failed to find .op point.  (Use ".option noopiter" to skip.)
Starting Gmin stepping
Gmin = 10
Gmin = 1.07374
Gmin = 0.115292
Gmin = 0.0123794
Gmin = 0.00132923
Gmin = 0.000142725
vernier = 0.5
Gmin = 3.28467e-005
vernier = 0.666667
vernier = 0.888888
Gmin = 6.88979e-006
vernier = 1
Gmin = 8.09366e-007
Gmin = 8.6905e-008
Gmin = 9.33136e-009
Gmin = 1.00195e-009
Gmin = 1.07583e-010
Gmin = 1.15517e-011
Gmin = 1.24035e-012
Gmin = 1.33182e-013
Gmin = 0
Gmin stepping succeeded in finding the operating point.


Date: Thu Dec 19 00:27:38 2024
Total elapsed time: 7.237 seconds.

tnom = 27
temp = 27
method = modified trap
totiter = 12969
traniter = 12311
tranpoints = 3903
accept = 3020
rejected = 883
matrix size = 618
fillins = 114
solver = Normal
Thread vector: 475.3/260.4[11] 83.2/48.4[11] 29.8/15.7[11] 9.5/18.2[1]  2592/500
Matrix Compiler1: 95.34 KB object code size  60.0/20.4/[16.5]
Matrix Compiler2: 76.74 KB object code size  36.9/32.3/[18.1]

