Circuit: * C:\Users\begow\Desktop\all\repos\MPEI\MPEI_Magistracy\Term_3\memory_system\variant_1\KM4\Draft5.asc

Warning: toxe, toxp and dtox all given and toxe != toxp + dtox; dtox ignored.
Warning: toxe, toxp and dtox all given and toxe != toxp + dtox; dtox ignored.
Warning: toxe, toxp and dtox all given and toxe != toxp + dtox; dtox ignored.
Warning: toxe, toxp and dtox all given and toxe != toxp + dtox; dtox ignored.
Warning: toxe, toxp and dtox all given and toxe != toxp + dtox; dtox ignored.
Direct Newton iteration for .op point succeeded.

Date: Sat Dec 07 00:31:07 2024
Total elapsed time: 0.578 seconds.

tnom = 27
temp = 27
method = modified trap
totiter = 3075
traniter = 3053
tranpoints = 1211
accept = 1169
rejected = 42
matrix size = 95
fillins = 0
solver = Normal
Matrix Compiler1: 12.22 KB object code size  4.6/1.8/[1.4]
Matrix Compiler2: 11.42 KB object code size  1.9/2.1/[1.1]

