Circuit: * C:\Users\begow\Desktop\all\repos\MPEI\MPEI_Magistracy\Term_3\memory_system\variant_1\KM4\Draft2.asc

WARNING: Node N006 is floating.
WARNING: Node NC_01 is floating.
WARNING: Node NC_02 is floating.
WARNING: Node NC_03 is floating.

WARNING: Less than two connections to node N006.  This node is used by M1.
WARNING: Less than two connections to node NC_01.  This node is used by M:X2:1.
WARNING: Less than two connections to node NC_02.  This node is used by M:X3:1.
WARNING: Less than two connections to node NC_03.  This node is used by M:X5:1.
Warning: toxe, toxp and dtox all given and toxe != toxp + dtox; dtox ignored.
Warning: toxe, toxp and dtox all given and toxe != toxp + dtox; dtox ignored.
Warning: toxe, toxp and dtox all given and toxe != toxp + dtox; dtox ignored.
Warning: toxe, toxp and dtox all given and toxe != toxp + dtox; dtox ignored.
Warning: toxe, toxp and dtox all given and toxe != toxp + dtox; dtox ignored.
Warning: toxe, toxp and dtox all given and toxe != toxp + dtox; dtox ignored.
Warning: toxe, toxp and dtox all given and toxe != toxp + dtox; dtox ignored.
Warning: toxe, toxp and dtox all given and toxe != toxp + dtox; dtox ignored.
Direct Newton iteration failed to find .op point.  (Use ".option noopiter" to skip.)
Starting Gmin stepping
Gmin = 10
Gmin = 1.07374
Gmin = 0.115292
Gmin = 0.0123794
Gmin = 0.00132923
Gmin = 0.000142725
Gmin = 1.5325e-005
Gmin = 1.6455e-006
Gmin = 1.76685e-007
Gmin = 1.89714e-008
Gmin = 2.03704e-009
Gmin = 2.18725e-010
Gmin = 2.34854e-011
Gmin = 2.52173e-012
Gmin = 2.70769e-013
Gmin = 0
Gmin stepping succeeded in finding the operating point.


Date: Wed Dec 11 10:44:53 2024
Total elapsed time: 0.889 seconds.

tnom = 27
temp = 27
method = modified trap
totiter = 5518
traniter = 4992
tranpoints = 2317
accept = 2246
rejected = 71
matrix size = 141
fillins = 4
solver = Normal
Thread vector: 66.1/59.3[2] 10.6/7.2[2] 3.8/3.4[1] 0.9/5.0[1]  2592/500
Matrix Compiler1: 19.16 KB object code size  6.6/3.0/[2.6]
Matrix Compiler2: 16.56 KB object code size  3.2/3.9/[1.5]

