Circuit: * D:\repos\MPEI\MPEI_Magistracy\Term_3\memory_system\variant_1\KM4\Draft1.asc

WARNING: Node X1:NC_01 is floating.
WARNING: Node X1:NC_02 is floating.
WARNING: Node X1:NC_03 is floating.
WARNING: Node X1:NC_04 is floating.
WARNING: Node X1:NC_05 is floating.
WARNING: Node X1:NC_06 is floating.
WARNING: Node X1:NC_07 is floating.
WARNING: Node X1:NC_08 is floating.
WARNING: Node X1:NC_09 is floating.
WARNING: Node X1:NC_10 is floating.
WARNING: Node X1:NC_11 is floating.
WARNING: Node X1:NC_12 is floating.
WARNING: Node X1:NC_13 is floating.
WARNING: Node X1:NC_14 is floating.
WARNING: Node X1:NC_15 is floating.
WARNING: Node X1:NC_16 is floating.

WARNING: Less than two connections to node X1:NC_01.  This node is used by M:X1:1.
WARNING: Less than two connections to node X1:NC_02.  This node is used by M:X1:2.
WARNING: Less than two connections to node X1:NC_03.  This node is used by M:X1:3.
WARNING: Less than two connections to node X1:NC_04.  This node is used by M:X1:4.
WARNING: Less than two connections to node X1:NC_05.  This node is used by M:X1:5.
WARNING: Less than two connections to node X1:NC_06.  This node is used by M:X1:6.
WARNING: Less than two connections to node X1:NC_07.  This node is used by M:X1:7.
WARNING: Less than two connections to node X1:NC_08.  This node is used by M:X1:8.
WARNING: Less than two connections to node X1:NC_09.  This node is used by M:X1:9.
WARNING: Less than two connections to node X1:NC_10.  This node is used by M:X1:10.
WARNING: Less than two connections to node X1:NC_11.  This node is used by M:X1:11.
WARNING: Less than two connections to node X1:NC_12.  This node is used by M:X1:12.
WARNING: Less than two connections to node X1:NC_13.  This node is used by M:X1:13.
WARNING: Less than two connections to node X1:NC_14.  This node is used by M:X1:14.
WARNING: Less than two connections to node X1:NC_15.  This node is used by M:X1:15.
WARNING: Less than two connections to node X1:NC_16.  This node is used by M:X1:16.
Warning: toxe, toxp and dtox all given and toxe != toxp + dtox; dtox ignored.
Warning: toxe, toxp and dtox all given and toxe != toxp + dtox; dtox ignored.
Warning: toxe, toxp and dtox all given and toxe != toxp + dtox; dtox ignored.
Early termination of direct N-R iteration.
Direct Newton iteration failed to find .op point.  (Use ".option noopiter" to skip.)
Starting Gmin stepping
Gmin = 10
Gmin = 1.07374
Gmin = 0.115292
Gmin = 0.0123794
Gmin = 0.00132923
Gmin = 0.000142725
Gmin = 1.5325e-005
Gmin = 1.6455e-006
Gmin = 1.76685e-007
Gmin = 1.89714e-008
Gmin = 2.03704e-009
Gmin = 2.18725e-010
Gmin = 2.34854e-011
Gmin = 2.52173e-012
Gmin = 2.70769e-013
Gmin = 0
Gmin stepping succeeded in finding the operating point.


Date: Thu Dec 05 12:10:54 2024
Total elapsed time: 1.099 seconds.

tnom = 27
temp = 27
method = modified trap
totiter = 11285
traniter = 10940
tranpoints = 4889
accept = 4691
rejected = 198
matrix size = 121
fillins = 36
solver = Normal
Thread vector: 37.2/26.9[2] 8.2/7.3[2] 2.6/13.4[1] 0.8/4.3[1]  2592/500
Matrix Compiler1: 19.43 KB object code size  12.5/3.0/[2.1]
Matrix Compiler2: 15.75 KB object code size  3.4/3.3/[1.3]

