Circuit: * C:\Users\begow\Desktop\all\repos\MPEI\MPEI_Magistracy\Term_3\memory_system\variant_1\KM4\Draft3.asc

V1: Removing PWL point (2e-005,0)
Unknown node in .ic card: "one" -- ignoring
WARNING: Node X1:N003 is floating.

WARNING: Less than two connections to node X1:N003.  This node is used by M:X1:1.
WARNING: Less than two connections to node IN.  This node is used by V5.
WARNING: Less than two connections to node EN.  This node is used by V6.
Warning: toxe, toxp and dtox all given and toxe != toxp + dtox; dtox ignored.
Warning: toxe, toxp and dtox all given and toxe != toxp + dtox; dtox ignored.
Direct Newton iteration failed to find .op point.  (Use ".option noopiter" to skip.)
Starting Gmin stepping
Gmin = 10
Gmin = 1.07374
Gmin = 0.115292
Gmin = 0.0123794
Gmin = 0.00132923
Gmin = 0.000142725
Gmin = 1.5325e-005
Gmin = 1.6455e-006
Gmin = 1.76685e-007
Gmin = 1.89714e-008
Gmin = 2.03704e-009
Gmin = 2.18725e-010
Gmin = 2.34854e-011
Gmin = 2.52173e-012
Gmin = 2.70769e-013
Gmin = 0
Gmin stepping succeeded in finding the operating point.


Date: Wed Dec 11 08:10:22 2024
Total elapsed time: 0.452 seconds.

tnom = 27
temp = 27
method = modified trap
totiter = 5228
traniter = 4787
tranpoints = 2325
accept = 2251
rejected = 74
matrix size = 62
fillins = 4
solver = Normal
Matrix Compiler1: 8.55 KB object code size  2.8/1.4/[1.3]
Matrix Compiler2: 7.05 KB object code size  1.3/1.4/[0.7]

