Circuit: * C:\Users\begow\Desktop\all\repos\MPEI\MPEI_Magistracy\Term_3\memory_system\variant_1\KM4\full_amplifaer.asc

Unknown node in .ic card: "zero" -- ignoring
WARNING: Node N005 is floating.

WARNING: Less than two connections to node N005.  This node is used by M1.
Warning: toxe, toxp and dtox all given and toxe != toxp + dtox; dtox ignored.
Direct Newton iteration for .op point succeeded.

Date: Wed Dec 11 09:27:00 2024
Total elapsed time: 0.495 seconds.

tnom = 27
temp = 27
method = modified trap
totiter = 4254
traniter = 4233
tranpoints = 2076
accept = 2067
rejected = 9
matrix size = 58
fillins = 4
solver = Normal
Matrix Compiler1: 8.56 KB object code size  3.3/1.2/[1.0]
Matrix Compiler2: 6.88 KB object code size  1.0/1.2/[0.8]

