Circuit: * C:\Users\begow\Desktop\all\repos\MPEI\MPEI_Magistracy\Term_3\memory_system\variant_1\KM4\Memory.asc

WARNING: Node X4:NC_01 is floating.
WARNING: Node X4:NC_02 is floating.
WARNING: Node X4:NC_03 is floating.
WARNING: Node X4:NC_04 is floating.
WARNING: Node X4:NC_05 is floating.
WARNING: Node X4:NC_06 is floating.
WARNING: Node X4:NC_07 is floating.
WARNING: Node X4:NC_08 is floating.
WARNING: Node X4:NC_09 is floating.
WARNING: Node X4:NC_10 is floating.
WARNING: Node X4:NC_11 is floating.
WARNING: Node X4:NC_12 is floating.
WARNING: Node X4:NC_13 is floating.
WARNING: Node X4:NC_14 is floating.
WARNING: Node X4:NC_15 is floating.
WARNING: Node X4:NC_16 is floating.
WARNING: Node NC_01 is floating.
WARNING: Node X3:X17:N003 is floating.
WARNING: Node X3:X18:N003 is floating.
WARNING: Node X3:X19:N003 is floating.
WARNING: Node X3:X20:N003 is floating.

WARNING: Less than two connections to node ~YT.  This node is used by V1.
WARNING: Less than two connections to node YT.  This node is used by V3.
WARNING: Less than two connections to node WL.  This node is used by V4.
WARNING: Less than two connections to node X4:NC_01.  This node is used by M:X4:1.
WARNING: Less than two connections to node X4:NC_02.  This node is used by M:X4:2.
WARNING: Less than two connections to node X4:NC_03.  This node is used by M:X4:3.
WARNING: Less than two connections to node X4:NC_04.  This node is used by M:X4:4.
WARNING: Less than two connections to node X4:NC_05.  This node is used by M:X4:5.
WARNING: Less than two connections to node X4:NC_06.  This node is used by M:X4:6.
WARNING: Less than two connections to node X4:NC_07.  This node is used by M:X4:7.
WARNING: Less than two connections to node X4:NC_08.  This node is used by M:X4:8.
WARNING: Less than two connections to node X4:NC_09.  This node is used by M:X4:9.
WARNING: Less than two connections to node X4:NC_10.  This node is used by M:X4:10.
WARNING: Less than two connections to node X4:NC_11.  This node is used by M:X4:11.
WARNING: Less than two connections to node X4:NC_12.  This node is used by M:X4:12.
WARNING: Less than two connections to node X4:NC_13.  This node is used by M:X4:13.
WARNING: Less than two connections to node X4:NC_14.  This node is used by M:X4:14.
WARNING: Less than two connections to node X4:NC_15.  This node is used by M:X4:15.
WARNING: Less than two connections to node X4:NC_16.  This node is used by M:X4:16.
WARNING: Less than two connections to node X1:X5:VDD.  This node is used by V:X1:X5:1.
WARNING: Less than two connections to node X12:VDD.  This node is used by V:X12:1.
WARNING: Less than two connections to node X3:X17:N003.  This node is used by M:X3:X17:1.
WARNING: Less than two connections to node X3:X18:N003.  This node is used by M:X3:X18:1.
WARNING: Less than two connections to node X3:X19:N003.  This node is used by M:X3:X19:1.
WARNING: Less than two connections to node X3:X20:N003.  This node is used by M:X3:X20:1.
Warning: toxe, toxp and dtox all given and toxe != toxp + dtox; dtox ignored.
Warning: toxe, toxp and dtox all given and toxe != toxp + dtox; dtox ignored.
Warning: toxe, toxp and dtox all given and toxe != toxp + dtox; dtox ignored.
Warning: toxe, toxp and dtox all given and toxe != toxp + dtox; dtox ignored.
Warning: toxe, toxp and dtox all given and toxe != toxp + dtox; dtox ignored.
Warning: toxe, toxp and dtox all given and toxe != toxp + dtox; dtox ignored.
Warning: toxe, toxp and dtox all given and toxe != toxp + dtox; dtox ignored.
Warning: toxe, toxp and dtox all given and toxe != toxp + dtox; dtox ignored.
Warning: toxe, toxp and dtox all given and toxe != toxp + dtox; dtox ignored.
Warning: toxe, toxp and dtox all given and toxe != toxp + dtox; dtox ignored.
Warning: toxe, toxp and dtox all given and toxe != toxp + dtox; dtox ignored.
Warning: toxe, toxp and dtox all given and toxe != toxp + dtox; dtox ignored.
Warning: toxe, toxp and dtox all given and toxe != toxp + dtox; dtox ignored.
Warning: toxe, toxp and dtox all given and toxe != toxp + dtox; dtox ignored.
Warning: toxe, toxp and dtox all given and toxe != toxp + dtox; dtox ignored.
Warning: toxe, toxp and dtox all given and toxe != toxp + dtox; dtox ignored.
Warning: toxe, toxp and dtox all given and toxe != toxp + dtox; dtox ignored.
Warning: toxe, toxp and dtox all given and toxe != toxp + dtox; dtox ignored.
Warning: toxe, toxp and dtox all given and toxe != toxp + dtox; dtox ignored.
Warning: toxe, toxp and dtox all given and toxe != toxp + dtox; dtox ignored.
Warning: toxe, toxp and dtox all given and toxe != toxp + dtox; dtox ignored.
Warning: toxe, toxp and dtox all given and toxe != toxp + dtox; dtox ignored.
Warning: toxe, toxp and dtox all given and toxe != toxp + dtox; dtox ignored.
Warning: toxe, toxp and dtox all given and toxe != toxp + dtox; dtox ignored.
Warning: toxe, toxp and dtox all given and toxe != toxp + dtox; dtox ignored.
Warning: toxe, toxp and dtox all given and toxe != toxp + dtox; dtox ignored.
Warning: toxe, toxp and dtox all given and toxe != toxp + dtox; dtox ignored.
Warning: toxe, toxp and dtox all given and toxe != toxp + dtox; dtox ignored.
Warning: toxe, toxp and dtox all given and toxe != toxp + dtox; dtox ignored.
Warning: toxe, toxp and dtox all given and toxe != toxp + dtox; dtox ignored.
Warning: toxe, toxp and dtox all given and toxe != toxp + dtox; dtox ignored.
Warning: toxe, toxp and dtox all given and toxe != toxp + dtox; dtox ignored.
Warning: toxe, toxp and dtox all given and toxe != toxp + dtox; dtox ignored.
Warning: toxe, toxp and dtox all given and toxe != toxp + dtox; dtox ignored.
Warning: toxe, toxp and dtox all given and toxe != toxp + dtox; dtox ignored.
Warning: toxe, toxp and dtox all given and toxe != toxp + dtox; dtox ignored.
Warning: toxe, toxp and dtox all given and toxe != toxp + dtox; dtox ignored.
Warning: toxe, toxp and dtox all given and toxe != toxp + dtox; dtox ignored.
Warning: toxe, toxp and dtox all given and toxe != toxp + dtox; dtox ignored.
Warning: toxe, toxp and dtox all given and toxe != toxp + dtox; dtox ignored.
Warning: toxe, toxp and dtox all given and toxe != toxp + dtox; dtox ignored.
Warning: toxe, toxp and dtox all given and toxe != toxp + dtox; dtox ignored.
Warning: toxe, toxp and dtox all given and toxe != toxp + dtox; dtox ignored.
Warning: toxe, toxp and dtox all given and toxe != toxp + dtox; dtox ignored.
Warning: toxe, toxp and dtox all given and toxe != toxp + dtox; dtox ignored.
Warning: toxe, toxp and dtox all given and toxe != toxp + dtox; dtox ignored.
Warning: toxe, toxp and dtox all given and toxe != toxp + dtox; dtox ignored.
Warning: toxe, toxp and dtox all given and toxe != toxp + dtox; dtox ignored.
Warning: toxe, toxp and dtox all given and toxe != toxp + dtox; dtox ignored.
Warning: toxe, toxp and dtox all given and toxe != toxp + dtox; dtox ignored.
Warning: toxe, toxp and dtox all given and toxe != toxp + dtox; dtox ignored.
Warning: toxe, toxp and dtox all given and toxe != toxp + dtox; dtox ignored.
Warning: toxe, toxp and dtox all given and toxe != toxp + dtox; dtox ignored.
Warning: toxe, toxp and dtox all given and toxe != toxp + dtox; dtox ignored.
Warning: toxe, toxp and dtox all given and toxe != toxp + dtox; dtox ignored.
Warning: toxe, toxp and dtox all given and toxe != toxp + dtox; dtox ignored.
Warning: toxe, toxp and dtox all given and toxe != toxp + dtox; dtox ignored.
Warning: toxe, toxp and dtox all given and toxe != toxp + dtox; dtox ignored.
Warning: toxe, toxp and dtox all given and toxe != toxp + dtox; dtox ignored.
Warning: toxe, toxp and dtox all given and toxe != toxp + dtox; dtox ignored.
Warning: toxe, toxp and dtox all given and toxe != toxp + dtox; dtox ignored.
Warning: toxe, toxp and dtox all given and toxe != toxp + dtox; dtox ignored.
Warning: toxe, toxp and dtox all given and toxe != toxp + dtox; dtox ignored.
Warning: toxe, toxp and dtox all given and toxe != toxp + dtox; dtox ignored.
Warning: toxe, toxp and dtox all given and toxe != toxp + dtox; dtox ignored.
Warning: toxe, toxp and dtox all given and toxe != toxp + dtox; dtox ignored.
Warning: toxe, toxp and dtox all given and toxe != toxp + dtox; dtox ignored.
Warning: toxe, toxp and dtox all given and toxe != toxp + dtox; dtox ignored.
Warning: toxe, toxp and dtox all given and toxe != toxp + dtox; dtox ignored.
Warning: toxe, toxp and dtox all given and toxe != toxp + dtox; dtox ignored.
Warning: toxe, toxp and dtox all given and toxe != toxp + dtox; dtox ignored.
Warning: toxe, toxp and dtox all given and toxe != toxp + dtox; dtox ignored.
Warning: toxe, toxp and dtox all given and toxe != toxp + dtox; dtox ignored.
Warning: toxe, toxp and dtox all given and toxe != toxp + dtox; dtox ignored.
Warning: toxe, toxp and dtox all given and toxe != toxp + dtox; dtox ignored.
Warning: toxe, toxp and dtox all given and toxe != toxp + dtox; dtox ignored.
Warning: toxe, toxp and dtox all given and toxe != toxp + dtox; dtox ignored.
Warning: toxe, toxp and dtox all given and toxe != toxp + dtox; dtox ignored.
Warning: toxe, toxp and dtox all given and toxe != toxp + dtox; dtox ignored.
Warning: toxe, toxp and dtox all given and toxe != toxp + dtox; dtox ignored.
Warning: toxe, toxp and dtox all given and toxe != toxp + dtox; dtox ignored.
Warning: toxe, toxp and dtox all given and toxe != toxp + dtox; dtox ignored.
Warning: toxe, toxp and dtox all given and toxe != toxp + dtox; dtox ignored.
Warning: toxe, toxp and dtox all given and toxe != toxp + dtox; dtox ignored.
Warning: toxe, toxp and dtox all given and toxe != toxp + dtox; dtox ignored.
Warning: toxe, toxp and dtox all given and toxe != toxp + dtox; dtox ignored.
Warning: toxe, toxp and dtox all given and toxe != toxp + dtox; dtox ignored.
Warning: toxe, toxp and dtox all given and toxe != toxp + dtox; dtox ignored.
Warning: toxe, toxp and dtox all given and toxe != toxp + dtox; dtox ignored.
Warning: toxe, toxp and dtox all given and toxe != toxp + dtox; dtox ignored.
Warning: toxe, toxp and dtox all given and toxe != toxp + dtox; dtox ignored.
Direct Newton iteration failed to find .op point.  (Use ".option noopiter" to skip.)
Starting Gmin stepping
Gmin = 10
Gmin = 1.07374
Gmin = 0.115292
Gmin = 0.0123794
Gmin = 0.00132923
Gmin = 0.000142725
Gmin = 1.5325e-005
Gmin = 1.6455e-006
Gmin = 1.76685e-007
Gmin = 1.89714e-008
Gmin = 2.03704e-009
vernier = 0.5
vernier = 0.666667
vernier = 0.333333
vernier = 0.166667
Gmin = 1.13041e-009
vernier = 0.0833333
vernier = 0.0416667
vernier = 0.0208333
vernier = 0.0104167
vernier = 0.00520833
vernier = 0.00260417
vernier = 0.00130208
vernier = 0.000651042
vernier = 0.000488281
Gmin = 0
Gmin = 0
Gmin stepping failed

Starting source stepping with srcstepmethod=0
Source Step = 3.0303%
Source Step = 33.3333%
Source Step = 63.6364%
Source Step = 93.9394%
Source stepping succeeded in finding the operating point.


Date: Sat Dec 14 04:41:47 2024
Total elapsed time: 30.781 seconds.

tnom = 27
temp = 27
method = modified trap
totiter = 20072
traniter = 17560
tranpoints = 5564
accept = 4328
rejected = 1236
matrix size = 1521
fillins = 3167
solver = Normal
Thread vector: 790.3/433.7[12] 152.6/76.4[12] 43.7/26.0[10] 7.8/15.3[1]  2592/500
Matrix Compiler1: 409.23 KB object code size  163.5/67.8/[53.7]
Matrix Compiler2: 237.81 KB object code size  45.0/38.4/[15.2]

