Circuit: * C:\Users\begow\Desktop\all\repos\MPEI\MPEI_Magistracy\Term_3\memory_system\variant_1\KM4\Three_state_new.asc

Warning: toxe, toxp and dtox all given and toxe != toxp + dtox; dtox ignored.
Warning: toxe, toxp and dtox all given and toxe != toxp + dtox; dtox ignored.
Warning: toxe, toxp and dtox all given and toxe != toxp + dtox; dtox ignored.
Warning: toxe, toxp and dtox all given and toxe != toxp + dtox; dtox ignored.
Warning: toxe, toxp and dtox all given and toxe != toxp + dtox; dtox ignored.
Direct Newton iteration failed to find .op point.  (Use ".option noopiter" to skip.)
Starting Gmin stepping
Gmin = 10
Gmin = 1.07374
Gmin = 0.115292
Gmin = 0.0123794
Gmin = 0.00132923
Gmin = 0.000142725
Gmin = 1.5325e-005
Gmin = 1.6455e-006
Gmin = 1.76685e-007
Gmin = 1.89714e-008
Gmin = 2.03704e-009
Gmin = 2.18725e-010
Gmin = 2.34854e-011
Gmin = 2.52173e-012
Gmin = 2.70769e-013
Gmin = 0
Gmin stepping succeeded in finding the operating point.


Date: Fri Dec 06 19:57:33 2024
Total elapsed time: 0.283 seconds.

tnom = 27
temp = 27
method = modified trap
totiter = 6305
traniter = 5906
tranpoints = 2403
accept = 2303
rejected = 100
matrix size = 77
fillins = 0
solver = Normal
Matrix Compiler1:     479 opcodes  1.4/[0.8]/0.9
Matrix Compiler2: 8.68 KB object code size  0.8/0.9/[0.4]

