Circuit: * C:\Users\begow\Desktop\memory_system\full_amplifaer.asc

WARNING: Node N004 is floating.

WARNING: Less than two connections to node N004.  This node is used by M1.
Warning: toxe, toxp and dtox all given and toxe != toxp + dtox; dtox ignored.
Direct Newton iteration for .op point succeeded.

Date: Thu Oct 03 11:39:20 2024
Total elapsed time: 0.420 seconds.

tnom = 27
temp = 27
method = modified trap
totiter = 4263
traniter = 4250
tranpoints = 2083
accept = 2072
rejected = 11
matrix size = 58
fillins = 4
solver = Normal
Matrix Compiler1: 8.56 KB object code size  2.6/1.2/[1.1]
Matrix Compiler2: 6.88 KB object code size  1.0/1.2/[0.7]

