Circuit: * C:\Users\begow\Desktop\memory_system\sense_amplifaer.asc

WARNING: Node N001 is floating.

WARNING: Less than two connections to node N001.  This node is used by M1.
Warning: toxe, toxp and dtox all given and toxe != toxp + dtox; dtox ignored.
Direct Newton iteration for .op point succeeded.

Date: Thu Sep 26 13:39:18 2024
Total elapsed time: 0.179 seconds.

tnom = 27
temp = 27
method = modified trap
totiter = 4242
traniter = 4233
tranpoints = 2111
accept = 2086
rejected = 25
matrix size = 19
fillins = 4
solver = Normal
Matrix Compiler1: 2.38 KB object code size  0.8/0.4/[0.3]
Matrix Compiler2: 2.30 KB object code size  0.3/0.5/[0.3]

