Circuit: * C:\Users\begow\Desktop\all\repos\MPEI\MPEI_Magistracy\Term_three\memory_system\variant_1\KM4\Memory.asc

Limiting rise time of source v8 to 5e-009
Limiting fall time of source v8 to 5e-009
Limiting rise time of source v3 to 1e-009
Limiting fall time of source v3 to 1e-009
Limiting rise time of source v2 to 1e-009
Limiting fall time of source v2 to 1e-009
Limiting rise time of source v1 to 1e-009
Limiting fall time of source v1 to 1e-009
Unknown node in .ic card: "x17:one" -- ignoring
Unknown node in .ic card: "x17:zero" -- ignoring
Unknown node in .ic card: "x3:one" -- ignoring
Unknown node in .ic card: "x3:zero" -- ignoring
Unknown node in .ic card: "x5:one" -- ignoring
Unknown node in .ic card: "x5:zero" -- ignoring
Unknown node in .ic card: "x7:one" -- ignoring
Unknown node in .ic card: "x7:zero" -- ignoring
Unknown node in .ic card: "x9:one" -- ignoring
Unknown node in .ic card: "x9:zero" -- ignoring
Unknown node in .ic card: "x11:one" -- ignoring
Unknown node in .ic card: "x11:zero" -- ignoring
Unknown node in .ic card: "x13:one" -- ignoring
Unknown node in .ic card: "x13:zero" -- ignoring
Unknown node in .ic card: "x15:one" -- ignoring
Unknown node in .ic card: "x15:zero" -- ignoring
Unknown node in .ic card: "x18:one" -- ignoring
Unknown node in .ic card: "x18:zero" -- ignoring
Unknown node in .ic card: "x20:one" -- ignoring
Unknown node in .ic card: "x20:zero" -- ignoring
Unknown node in .ic card: "x22:one" -- ignoring
Unknown node in .ic card: "x22:zero" -- ignoring
Unknown node in .ic card: "x24:one" -- ignoring
Unknown node in .ic card: "x24:zero" -- ignoring
Unknown node in .ic card: "x26:one" -- ignoring
Unknown node in .ic card: "x26:zero" -- ignoring
Unknown node in .ic card: "x28:one" -- ignoring
Unknown node in .ic card: "x28:zero" -- ignoring
Unknown node in .ic card: "x30:one" -- ignoring
Unknown node in .ic card: "x30:zero" -- ignoring
Unknown node in .ic card: "x32:one" -- ignoring
Unknown node in .ic card: "x32:zero" -- ignoring
WARNING: Node X17:N003 is floating.
WARNING: Node X3:N003 is floating.
WARNING: Node X5:N003 is floating.
WARNING: Node X7:N003 is floating.
WARNING: Node X9:N003 is floating.
WARNING: Node X11:N003 is floating.
WARNING: Node X13:N003 is floating.
WARNING: Node X15:N003 is floating.
WARNING: Node X18:N003 is floating.
WARNING: Node X20:N003 is floating.
WARNING: Node X22:N003 is floating.
WARNING: Node X24:N003 is floating.
WARNING: Node X26:N003 is floating.
WARNING: Node X28:N003 is floating.
WARNING: Node X30:N003 is floating.
WARNING: Node X32:N003 is floating.

WARNING: Less than two connections to node X17:N003.  This node is used by M:X17:1.
WARNING: Less than two connections to node X3:N003.  This node is used by M:X3:1.
WARNING: Less than two connections to node X5:N003.  This node is used by M:X5:1.
WARNING: Less than two connections to node X7:N003.  This node is used by M:X7:1.
WARNING: Less than two connections to node X9:N003.  This node is used by M:X9:1.
WARNING: Less than two connections to node X11:N003.  This node is used by M:X11:1.
WARNING: Less than two connections to node X13:N003.  This node is used by M:X13:1.
WARNING: Less than two connections to node X15:N003.  This node is used by M:X15:1.
WARNING: Less than two connections to node X18:N003.  This node is used by M:X18:1.
WARNING: Less than two connections to node X20:N003.  This node is used by M:X20:1.
WARNING: Less than two connections to node X22:N003.  This node is used by M:X22:1.
WARNING: Less than two connections to node X24:N003.  This node is used by M:X24:1.
WARNING: Less than two connections to node X26:N003.  This node is used by M:X26:1.
WARNING: Less than two connections to node X28:N003.  This node is used by M:X28:1.
WARNING: Less than two connections to node X30:N003.  This node is used by M:X30:1.
WARNING: Less than two connections to node X32:N003.  This node is used by M:X32:1.
WARNING: Less than two connections to node ~A0.  This node is used by V4.
WARNING: Less than two connections to node ~A1.  This node is used by V6.
Warning: toxe, toxp and dtox all given and toxe != toxp + dtox; dtox ignored.
Warning: toxe, toxp and dtox all given and toxe != toxp + dtox; dtox ignored.
Warning: toxe, toxp and dtox all given and toxe != toxp + dtox; dtox ignored.
Warning: toxe, toxp and dtox all given and toxe != toxp + dtox; dtox ignored.
Warning: toxe, toxp and dtox all given and toxe != toxp + dtox; dtox ignored.
Warning: toxe, toxp and dtox all given and toxe != toxp + dtox; dtox ignored.
Warning: toxe, toxp and dtox all given and toxe != toxp + dtox; dtox ignored.
Warning: toxe, toxp and dtox all given and toxe != toxp + dtox; dtox ignored.
Warning: toxe, toxp and dtox all given and toxe != toxp + dtox; dtox ignored.
Warning: toxe, toxp and dtox all given and toxe != toxp + dtox; dtox ignored.
Warning: toxe, toxp and dtox all given and toxe != toxp + dtox; dtox ignored.
Warning: toxe, toxp and dtox all given and toxe != toxp + dtox; dtox ignored.
Warning: toxe, toxp and dtox all given and toxe != toxp + dtox; dtox ignored.
Warning: toxe, toxp and dtox all given and toxe != toxp + dtox; dtox ignored.
Warning: toxe, toxp and dtox all given and toxe != toxp + dtox; dtox ignored.
Warning: toxe, toxp and dtox all given and toxe != toxp + dtox; dtox ignored.
Warning: toxe, toxp and dtox all given and toxe != toxp + dtox; dtox ignored.
Warning: toxe, toxp and dtox all given and toxe != toxp + dtox; dtox ignored.
Warning: toxe, toxp and dtox all given and toxe != toxp + dtox; dtox ignored.
Warning: toxe, toxp and dtox all given and toxe != toxp + dtox; dtox ignored.
Warning: toxe, toxp and dtox all given and toxe != toxp + dtox; dtox ignored.
Warning: toxe, toxp and dtox all given and toxe != toxp + dtox; dtox ignored.
Warning: toxe, toxp and dtox all given and toxe != toxp + dtox; dtox ignored.
Warning: toxe, toxp and dtox all given and toxe != toxp + dtox; dtox ignored.
Warning: toxe, toxp and dtox all given and toxe != toxp + dtox; dtox ignored.
Warning: toxe, toxp and dtox all given and toxe != toxp + dtox; dtox ignored.
Warning: toxe, toxp and dtox all given and toxe != toxp + dtox; dtox ignored.
Warning: toxe, toxp and dtox all given and toxe != toxp + dtox; dtox ignored.
Warning: toxe, toxp and dtox all given and toxe != toxp + dtox; dtox ignored.
Warning: toxe, toxp and dtox all given and toxe != toxp + dtox; dtox ignored.
Warning: toxe, toxp and dtox all given and toxe != toxp + dtox; dtox ignored.
Warning: toxe, toxp and dtox all given and toxe != toxp + dtox; dtox ignored.
Warning: toxe, toxp and dtox all given and toxe != toxp + dtox; dtox ignored.
Warning: toxe, toxp and dtox all given and toxe != toxp + dtox; dtox ignored.
Warning: toxe, toxp and dtox all given and toxe != toxp + dtox; dtox ignored.
Warning: toxe, toxp and dtox all given and toxe != toxp + dtox; dtox ignored.
Warning: toxe, toxp and dtox all given and toxe != toxp + dtox; dtox ignored.
Warning: toxe, toxp and dtox all given and toxe != toxp + dtox; dtox ignored.
Warning: toxe, toxp and dtox all given and toxe != toxp + dtox; dtox ignored.
Warning: toxe, toxp and dtox all given and toxe != toxp + dtox; dtox ignored.
Warning: toxe, toxp and dtox all given and toxe != toxp + dtox; dtox ignored.
Warning: toxe, toxp and dtox all given and toxe != toxp + dtox; dtox ignored.
Direct Newton iteration failed to find .op point.  (Use ".option noopiter" to skip.)
Starting Gmin stepping
Gmin = 10
Gmin = 1.07374
Gmin = 0.115292
Gmin = 0.0123794
Gmin = 0.00132923
Gmin = 0.000142725
Gmin = 1.5325e-005
Gmin = 1.6455e-006
Gmin = 1.76685e-007
Gmin = 1.89714e-008
Gmin = 2.03704e-009
Gmin = 2.18725e-010
Gmin = 2.34854e-011
Gmin = 2.52173e-012
Gmin = 2.70769e-013
Gmin = 0
Gmin stepping succeeded in finding the operating point.


Date: Sat Nov 23 10:34:31 2024
Total elapsed time: 18.092 seconds.

tnom = 27
temp = 27
method = modified trap
totiter = 30609
traniter = 30076
tranpoints = 9163
accept = 6526
rejected = 2637
matrix size = 1100
fillins = 264
solver = Normal
Thread vector: 1028.2/369.3[12] 160.8/46.4[12] 55.8/27.2[12] 11.7/17.7[1]  2592/500
Matrix Compiler1: 193.55 KB object code size  189.4/99.0/[88.3]
Matrix Compiler2: 143.48 KB object code size  64.5/51.8/[18.8]

