Circuit: * C:\Users\begow\Desktop\all\repos\MPEI\MPEI_Magistracy\Term_three\memory_system\variant_1\KM3\buffer_amplifaer.asc

WARNING: Node N002 is floating.

WARNING: Less than two connections to node N002.  This node is used by M3.
Warning: toxe, toxp and dtox all given and toxe != toxp + dtox; dtox ignored.
Warning: toxe, toxp and dtox all given and toxe != toxp + dtox; dtox ignored.
Direct Newton iteration for .op point succeeded.

Date: Thu Nov 14 03:00:31 2024
Total elapsed time: 0.342 seconds.

tnom = 27
temp = 27
method = modified trap
totiter = 20122
traniter = 20101
tranpoints = 10038
accept = 10038
rejected = 0
matrix size = 25
fillins = 0
solver = Normal
Matrix Compiler1: 2.45 KB object code size  0.4/7.9/[0.2]
Matrix Compiler2: 2.65 KB object code size  0.2/0.2/[0.2]

