Circuit: * C:\Users\begow\Desktop\all\repos\MPEI\MPEI_Magistracy\Term_three\memory_system\variant_1\KM3\compromis_row_amplifaer.asc

Unknown node in .ic card: "plus" -- ignoring
Unknown node in .ic card: "minus" -- ignoring
WARNING: Less than two connections to node IN_P.  This node is used by V1.
Warning: toxe, toxp and dtox all given and toxe != toxp + dtox; dtox ignored.
Direct Newton iteration for .op point succeeded.

Date: Thu Nov 07 02:54:00 2024
Total elapsed time: 0.137 seconds.

tnom = 27
temp = 27
method = modified trap
totiter = 1462
traniter = 1414
tranpoints = 513
accept = 434
rejected = 79
matrix size = 72
fillins = 0
solver = Normal
Matrix Compiler1: 8.92 KB object code size  1.4/0.6/[0.5]
Matrix Compiler2: 8.22 KB object code size  0.6/0.8/[0.6]

