Circuit: * C:\Users\begow\Desktop\all\repos\MPEI\MPEI_Magistracy\Term_three\memory_system\variant_6\KM3\Decoder.asc

WARNING: Node N004 is floating.
WARNING: Node N008 is floating.
WARNING: Node N002 is floating.
WARNING: Node N005 is floating.
WARNING: Node N009 is floating.
WARNING: Node N007 is floating.
WARNING: Node N003 is floating.

WARNING: Less than two connections to node N004.  This node is used by M1.
WARNING: Less than two connections to node N008.  This node is used by M2.
WARNING: Less than two connections to node N002.  This node is used by M3.
WARNING: Less than two connections to node N005.  This node is used by M4.
WARNING: Less than two connections to node N009.  This node is used by M5.
WARNING: Less than two connections to node N007.  This node is used by M6.
WARNING: Less than two connections to node N003.  This node is used by M7.
Direct Newton iteration for .op point succeeded.

Date: Thu Nov 14 03:53:08 2024
Total elapsed time: 0.157 seconds.

tnom = 27
temp = 27
method = modified trap
totiter = 1199
traniter = 1176
tranpoints = 528
accept = 497
rejected = 31
matrix size = 63
fillins = 36
solver = Normal
Matrix Compiler1: 9.22 KB object code size  1.3/0.6/[0.5]
Matrix Compiler2: 7.80 KB object code size  0.6/0.6/[0.4]

