Circuit: * C:\Users\begow\Desktop\memory_system\amplifaer.asc

WARNING: Node N002 is floating.

WARNING: Less than two connections to node N002.  This node is used by M1.
Warning: toxe, toxp and dtox all given and toxe != toxp + dtox; dtox ignored.
Direct Newton iteration for .op point succeeded.

Date: Thu Oct 03 11:20:14 2024
Total elapsed time: 0.464 seconds.

tnom = 27
temp = 27
method = modified trap
totiter = 4189
traniter = 4176
tranpoints = 2067
accept = 2059
rejected = 8
matrix size = 41
fillins = 4
solver = Normal
Matrix Compiler1: 5.80 KB object code size  1.8/0.8/[0.8]
Matrix Compiler2: 4.84 KB object code size  0.6/1.0/[0.6]

