Circuit: * C:\Users\begow\Desktop\all\repos\MPEI\MPEI_Magistracy\Term_3\memory_system\variant_1\KM2\full_amplifaer.asc

WARNING: Node N004 is floating.
WARNING: Node X1:N003 is floating.
WARNING: Node NC_01 is floating.

WARNING: Less than two connections to node N004.  This node is used by M1.
WARNING: Less than two connections to node X1:N003.  This node is used by M:X1:1.
WARNING: Less than two connections to node NC_01.  This node is used by M:X3:1.
Warning: toxe, toxp and dtox all given and toxe != toxp + dtox; dtox ignored.
Warning: toxe, toxp and dtox all given and toxe != toxp + dtox; dtox ignored.
Warning: toxe, toxp and dtox all given and toxe != toxp + dtox; dtox ignored.
Warning: toxe, toxp and dtox all given and toxe != toxp + dtox; dtox ignored.
Direct Newton iteration for .op point succeeded.

Date: Wed Dec 04 22:54:52 2024
Total elapsed time: 0.403 seconds.

tnom = 27
temp = 27
method = modified trap
totiter = 4265
traniter = 4249
tranpoints = 2083
accept = 2072
rejected = 11
matrix size = 112
fillins = 8
solver = Normal
Thread vector: 24.7/16.5[2] 3.0/2.3[2] 1.0/0.9[2] 0.4/0.5[1]  2592/500
Matrix Compiler1: 17.95 KB object code size  2.6/1.1/[1.0]
Matrix Compiler2: 13.94 KB object code size  0.9/1.2/[0.6]

